[    0.000000] Linux version 4.15.0-124-generic (buildd@lgw01-amd64-029) (gcc version 7.5.0 (Ubuntu 7.5.0-3ubuntu1~18.04)) #127-Ubuntu SMP Fri Nov 6 10:54:43 UTC 2020 (Ubuntu 4.15.0-124.127-generic 4.15.18)
[    0.000000] Command line: BOOT_IMAGE=/boot/vmlinuz-4.15.0-124-generic root=LABEL=cloudimg-rootfs ro console=tty1 console=ttyS0
[    0.000000] KERNEL supported cpus:
[    0.000000]   Intel GenuineIntel
[    0.000000]   AMD AuthenticAMD
[    0.000000]   Centaur CentaurHauls
[    0.000000] x86/fpu: Supporting XSAVE feature 0x001: 'x87 floating point registers'
[    0.000000] x86/fpu: Supporting XSAVE feature 0x002: 'SSE registers'
[    0.000000] x86/fpu: Supporting XSAVE feature 0x004: 'AVX registers'
[    0.000000] x86/fpu: xstate_offset[2]:  576, xstate_sizes[2]:  256
[    0.000000] x86/fpu: Enabled xstate features 0x7, context size is 832 bytes, using 'standard' format.
[    0.000000] e820: BIOS-provided physical RAM map:
[    0.000000] BIOS-e820: [mem 0x0000000000000000-0x000000000009fbff] usable
[    0.000000] BIOS-e820: [mem 0x000000000009fc00-0x000000000009ffff] reserved
[    0.000000] BIOS-e820: [mem 0x00000000000f0000-0x00000000000fffff] reserved
[    0.000000] BIOS-e820: [mem 0x0000000000100000-0x000000003ffeffff] usable
[    0.000000] BIOS-e820: [mem 0x000000003fff0000-0x000000003fffffff] ACPI data
[    0.000000] BIOS-e820: [mem 0x00000000fec00000-0x00000000fec00fff] reserved
[    0.000000] BIOS-e820: [mem 0x00000000fee00000-0x00000000fee00fff] reserved
[    0.000000] BIOS-e820: [mem 0x00000000fffc0000-0x00000000ffffffff] reserved
[    0.000000] NX (Execute Disable) protection: active
[    0.000000] SMBIOS 2.5 present.
[    0.000000] DMI: innotek GmbH VirtualBox/VirtualBox, BIOS VirtualBox 12/01/2006
[    0.000000] Hypervisor detected: KVM
[    0.000000] e820: last_pfn = 0x3fff0 max_arch_pfn = 0x400000000
[    0.000000] MTRR: Disabled
[    0.000000] x86/PAT: MTRRs disabled, skipping PAT initialization too.
[    0.000000] CPU MTRRs all blank - virtualized system.
[    0.000000] x86/PAT: Configuration [0-7]: WB  WT  UC- UC  WB  WT  UC- UC  
[    0.000000] found SMP MP-table at [mem 0x0009fff0-0x0009ffff]
[    0.000000] Scanning 1 areas for low memory corruption
[    0.000000] RAMDISK: [mem 0x35a67000-0x36d2afff]
[    0.000000] ACPI: Early table checksum verification disabled
[    0.000000] ACPI: RSDP 0x00000000000E0000 000024 (v02 VBOX  )
[    0.000000] ACPI: XSDT 0x000000003FFF0030 00003C (v01 VBOX   VBOXXSDT 00000001 ASL  00000061)
[    0.000000] ACPI: FACP 0x000000003FFF00F0 0000F4 (v04 VBOX   VBOXFACP 00000001 ASL  00000061)
[    0.000000] ACPI: DSDT 0x000000003FFF0470 002325 (v02 VBOX   VBOXBIOS 00000002 INTL 20100528)
[    0.000000] ACPI: FACS 0x000000003FFF0200 000040
[    0.000000] ACPI: FACS 0x000000003FFF0200 000040
[    0.000000] ACPI: APIC 0x000000003FFF0240 00005C (v02 VBOX   VBOXAPIC 00000001 ASL  00000061)
[    0.000000] ACPI: SSDT 0x000000003FFF02A0 0001CC (v01 VBOX   VBOXCPUT 00000002 INTL 20100528)
[    0.000000] No NUMA configuration found
[    0.000000] Faking a node at [mem 0x0000000000000000-0x000000003ffeffff]
[    0.000000] NODE_DATA(0) allocated [mem 0x3ffc5000-0x3ffeffff]
[    0.000000] kvm-clock: cpu 0, msr 0:3ff44001, primary cpu clock
[    0.000000] kvm-clock: Using msrs 4b564d01 and 4b564d00
[    0.000000] kvm-clock: using sched offset of 4805627671 cycles
[    0.000000] clocksource: kvm-clock: mask: 0xffffffffffffffff max_cycles: 0x1cd42e4dffb, max_idle_ns: 881590591483 ns
[    0.000000] Zone ranges:
[    0.000000]   DMA      [mem 0x0000000000001000-0x0000000000ffffff]
[    0.000000]   DMA32    [mem 0x0000000001000000-0x000000003ffeffff]
[    0.000000]   Normal   empty
[    0.000000]   Device   empty
[    0.000000] Movable zone start for each node
[    0.000000] Early memory node ranges
[    0.000000]   node   0: [mem 0x0000000000001000-0x000000000009efff]
[    0.000000]   node   0: [mem 0x0000000000100000-0x000000003ffeffff]
[    0.000000] Reserved but unavailable: 98 pages
[    0.000000] Initmem setup node 0 [mem 0x0000000000001000-0x000000003ffeffff]
[    0.000000] ACPI: PM-Timer IO Port: 0x4008
[    0.000000] IOAPIC[0]: apic_id 2, version 32, address 0xfec00000, GSI 0-23
[    0.000000] ACPI: INT_SRC_OVR (bus 0 bus_irq 0 global_irq 2 dfl dfl)
[    0.000000] ACPI: INT_SRC_OVR (bus 0 bus_irq 9 global_irq 9 low level)
[    0.000000] Using ACPI (MADT) for SMP configuration information
[    0.000000] smpboot: Allowing 2 CPUs, 0 hotplug CPUs
[    0.000000] PM: Registered nosave memory: [mem 0x00000000-0x00000fff]
[    0.000000] PM: Registered nosave memory: [mem 0x0009f000-0x0009ffff]
[    0.000000] PM: Registered nosave memory: [mem 0x000a0000-0x000effff]
[    0.000000] PM: Registered nosave memory: [mem 0x000f0000-0x000fffff]
[    0.000000] e820: [mem 0x40000000-0xfebfffff] available for PCI devices
[    0.000000] Booting paravirtualized kernel on KVM
[    0.000000] clocksource: refined-jiffies: mask: 0xffffffff max_cycles: 0xffffffff, max_idle_ns: 7645519600211568 ns
[    0.000000] random: get_random_bytes called from start_kernel+0x99/0x500 with crng_init=0
[    0.000000] setup_percpu: NR_CPUS:8192 nr_cpumask_bits:2 nr_cpu_ids:2 nr_node_ids:1
[    0.000000] percpu: Embedded 45 pages/cpu s147456 r8192 d28672 u1048576
[    0.000000] PV qspinlock hash table entries: 256 (order: 0, 4096 bytes)
[    0.000000] Built 1 zonelists, mobility grouping on.  Total pages: 257913
[    0.000000] Policy zone: DMA32
[    0.000000] Kernel command line: BOOT_IMAGE=/boot/vmlinuz-4.15.0-124-generic root=LABEL=cloudimg-rootfs ro console=tty1 console=ttyS0
[    0.000000] Memory: 983032K/1048120K available (12300K kernel code, 2482K rwdata, 4272K rodata, 2436K init, 2724K bss, 65088K reserved, 0K cma-reserved)
[    0.000000] SLUB: HWalign=64, Order=0-3, MinObjects=0, CPUs=2, Nodes=1
[    0.000000] Kernel/User page tables isolation: enabled
[    0.000000] ftrace: allocating 39402 entries in 154 pages
[    0.004000] Hierarchical RCU implementation.
[    0.004000] 	RCU restricting CPUs from NR_CPUS=8192 to nr_cpu_ids=2.
[    0.004000] 	Tasks RCU enabled.
[    0.004000] RCU: Adjusting geometry for rcu_fanout_leaf=16, nr_cpu_ids=2
[    0.004000] NR_IRQS: 524544, nr_irqs: 440, preallocated irqs: 16
[    0.004000] Console: colour VGA+ 80x25
[    0.004000] console [tty1] enabled
[    0.004000] console [ttyS0] enabled
[    0.004000] ACPI: Core revision 20170831
[    0.004000] ACPI: 2 ACPI AML tables successfully acquired and loaded
[    0.004000] APIC: Switch to symmetric I/O mode setup
[    0.004000] x2apic enabled
[    0.004000] Switched APIC routing to physical x2apic.
[    0.008000] ..TIMER: vector=0x30 apic1=0 pin1=2 apic2=-1 pin2=-1
[    0.008006] tsc: Detected 3699.996 MHz processor
[    0.009330] Calibrating delay loop (skipped) preset value.. 7399.99 BogoMIPS (lpj=14799984)
[    0.010312] pid_max: default: 32768 minimum: 301
[    0.012062] Security Framework initialized
[    0.013268] Yama: becoming mindful.
[    0.014524] AppArmor: AppArmor initialized
[    0.019672] Dentry cache hash table entries: 131072 (order: 8, 1048576 bytes)
[    0.020127] Inode-cache hash table entries: 65536 (order: 7, 524288 bytes)
[    0.021951] Mount-cache hash table entries: 2048 (order: 2, 16384 bytes)
[    0.024008] Mountpoint-cache hash table entries: 2048 (order: 2, 16384 bytes)
[    0.026474] Last level iTLB entries: 4KB 1024, 2MB 1024, 4MB 1024
[    0.028005] Last level dTLB entries: 4KB 1024, 2MB 1024, 4MB 1024, 1GB 4
[    0.029890] Spectre V1 : Mitigation: usercopy/swapgs barriers and __user pointer sanitization
[    0.032008] Spectre V2 : Mitigation: Full generic retpoline
[    0.036008] Spectre V2 : Spectre v2 / SpectreRSB mitigation: Filling RSB on context switch
[    0.040008] Speculative Store Bypass: Vulnerable
[    0.041885] SRBDS: Unknown: Dependent on hypervisor status
[    0.044006] MDS: Vulnerable: Clear CPU buffers attempted, no microcode
[    0.046087] Freeing SMP alternatives memory: 36K
[    0.157034] APIC calibration not consistent with PM-Timer: 97ms instead of 100ms
[    0.159717] APIC delta adjusted to PM-Timer: 6249112 (6090281)
[    0.160181] smpboot: CPU0: Intel(R) Core(TM) i3-4170 CPU @ 3.70GHz (family: 0x6, model: 0x3c, stepping: 0x3)
[    0.164150] Performance Events: unsupported p6 CPU model 60 no PMU driver, software events only.
[    0.168108] Hierarchical SRCU implementation.
[    0.170838] NMI watchdog: Perf event create on CPU 0 failed with -2
[    0.172009] NMI watchdog: Perf NMI watchdog permanently disabled
[    0.176207] smp: Bringing up secondary CPUs ...
[    0.180285] x86: Booting SMP configuration:
[    0.182222] .... node  #0, CPUs:      #1
[    0.004000] kvm-clock: cpu 1, msr 0:3ff44041, secondary cpu clock
[    0.188026] smp: Brought up 1 node, 2 CPUs
[    0.189227] smpboot: Max logical packages: 1
[    0.190479] smpboot: Total of 2 processors activated (14799.98 BogoMIPS)
[    0.192338] devtmpfs: initialized
[    0.193902] x86/mm: Memory block size: 128MB
[    0.196459] evm: security.selinux
[    0.197730] evm: security.SMACK64
[    0.198953] evm: security.SMACK64EXEC
[    0.200006] evm: security.SMACK64TRANSMUTE
[    0.201547] evm: security.SMACK64MMAP
[    0.204005] evm: security.apparmor
[    0.205424] evm: security.ima
[    0.206766] evm: security.capability
[    0.208246] clocksource: jiffies: mask: 0xffffffff max_cycles: 0xffffffff, max_idle_ns: 7645041785100000 ns
[    0.212045] futex hash table entries: 512 (order: 3, 32768 bytes)
[    0.219456] pinctrl core: initialized pinctrl subsystem
[    0.220178] RTC time: 19:00:43, date: 11/28/20
[    0.224045] NET: Registered protocol family 16
[    0.226327] audit: initializing netlink subsys (disabled)
[    0.228056] audit: type=2000 audit(1606590049.800:1): state=initialized audit_enabled=0 res=1
[    0.230977] cpuidle: using governor ladder
[    0.232029] cpuidle: using governor menu
[    0.233702] ACPI: bus type PCI registered
[    0.236006] acpiphp: ACPI Hot Plug PCI Controller Driver version: 0.5
[    0.238253] PCI: Using configuration type 1 for base access
[    0.242861] HugeTLB registered 2.00 MiB page size, pre-allocated 0 pages
[    0.244174] ACPI: Added _OSI(Module Device)
[    0.248011] ACPI: Added _OSI(Processor Device)
[    0.249818] ACPI: Added _OSI(3.0 _SCP Extensions)
[    0.252010] ACPI: Added _OSI(Processor Aggregator Device)
[    0.253935] ACPI: Added _OSI(Linux-Dell-Video)
[    0.256010] ACPI: Added _OSI(Linux-Lenovo-NV-HDMI-Audio)
[    0.257947] ACPI: Added _OSI(Linux-HPI-Hybrid-Graphics)
[    0.260730] ACPI: Executed 1 blocks of module-level executable AML code
[    0.279124] ACPI: Interpreter enabled
[    0.280036] ACPI: (supports S0 S5)
[    0.281383] ACPI: Using IOAPIC for interrupt routing
[    0.285123] PCI: Using host bridge windows from ACPI; if necessary, use "pci=nocrs" and report a bug
[    0.288427] ACPI: Enabled 2 GPEs in block 00 to 07
[    0.312182] ACPI: PCI Root Bridge [PCI0] (domain 0000 [bus 00-ff])
[    0.314928] acpi PNP0A03:00: _OSC: OS supports [ASPM ClockPM Segments MSI]
[    0.317562] acpi PNP0A03:00: _OSC: not requesting OS control; OS requires [ExtendedConfig ASPM ClockPM MSI]
[    0.320026] acpi PNP0A03:00: fail to add MMCONFIG information, can't access extended PCI configuration space under this bridge.
[    0.325069] PCI host bridge to bus 0000:00
[    0.326738] pci_bus 0000:00: root bus resource [io  0x0000-0x0cf7 window]
[    0.328017] pci_bus 0000:00: root bus resource [io  0x0d00-0xffff window]
[    0.332011] pci_bus 0000:00: root bus resource [mem 0x000a0000-0x000bffff window]
[    0.334131] pci_bus 0000:00: root bus resource [mem 0x40000000-0xfdffffff window]
[    0.336005] pci_bus 0000:00: root bus resource [bus 00-ff]
[    0.346666] pci 0000:00:01.1: legacy IDE quirk: reg 0x10: [io  0x01f0-0x01f7]
[    0.348007] pci 0000:00:01.1: legacy IDE quirk: reg 0x14: [io  0x03f6]
[    0.349749] pci 0000:00:01.1: legacy IDE quirk: reg 0x18: [io  0x0170-0x0177]
[    0.351656] pci 0000:00:01.1: legacy IDE quirk: reg 0x1c: [io  0x0376]
[    0.376573] pci 0000:00:07.0: quirk: [io  0x4000-0x403f] claimed by PIIX4 ACPI
[    0.379502] pci 0000:00:07.0: quirk: [io  0x4100-0x410f] claimed by PIIX4 SMB
[    0.391139] ACPI: PCI Interrupt Link [LNKA] (IRQs 5 9 10 *11)
[    0.393223] ACPI: PCI Interrupt Link [LNKB] (IRQs 5 9 *10 11)
[    0.396367] ACPI: PCI Interrupt Link [LNKC] (IRQs 5 *9 10 11)
[    0.398757] ACPI: PCI Interrupt Link [LNKD] (IRQs 5 9 10 *11)
[    0.400874] SCSI subsystem initialized
[    0.404097] pci 0000:00:02.0: vgaarb: setting as boot VGA device
[    0.405861] pci 0000:00:02.0: vgaarb: VGA device added: decodes=io+mem,owns=io+mem,locks=none
[    0.408010] pci 0000:00:02.0: vgaarb: bridge control possible
[    0.410150] vgaarb: loaded
[    0.411407] ACPI: bus type USB registered
[    0.412062] usbcore: registered new interface driver usbfs
[    0.413959] usbcore: registered new interface driver hub
[    0.416069] usbcore: registered new device driver usb
[    0.420047] EDAC MC: Ver: 3.0.0
[    0.420522] PCI: Using ACPI for IRQ routing
[    0.424015] NetLabel: Initializing
[    0.425713] NetLabel:  domain hash size = 128
[    0.428006] NetLabel:  protocols = UNLABELED CIPSOv4 CALIPSO
[    0.430299] NetLabel:  unlabeled traffic allowed by default
[    0.432216] clocksource: Switched to clocksource kvm-clock
[    0.477390] VFS: Disk quotas dquot_6.6.0
[    0.479245] VFS: Dquot-cache hash table entries: 512 (order 0, 4096 bytes)
[    0.481530] AppArmor: AppArmor Filesystem Enabled
[    0.482897] pnp: PnP ACPI init
[    0.486212] pnp: PnP ACPI: found 3 devices
[    0.494996] clocksource: acpi_pm: mask: 0xffffff max_cycles: 0xffffff, max_idle_ns: 2085701024 ns
[    0.497669] NET: Registered protocol family 2
[    0.499153] TCP established hash table entries: 8192 (order: 4, 65536 bytes)
[    0.501250] TCP bind hash table entries: 8192 (order: 5, 131072 bytes)
[    0.506522] TCP: Hash tables configured (established 8192 bind 8192)
[    0.509774] UDP hash table entries: 512 (order: 2, 16384 bytes)
[    0.511874] UDP-Lite hash table entries: 512 (order: 2, 16384 bytes)
[    0.513730] NET: Registered protocol family 1
[    0.515008] pci 0000:00:00.0: Limiting direct PCI/PCI transfers
[    0.516697] pci 0000:00:01.0: Activating ISA DMA hang workarounds
[    0.518434] pci 0000:00:02.0: Video device with shadowed ROM at [mem 0x000c0000-0x000dffff]
[    0.521069] Unpacking initramfs...
[    1.169831] Freeing initrd memory: 19216K
[    1.171380] clocksource: tsc: mask: 0xffffffffffffffff max_cycles: 0x6aaaa371c79, max_idle_ns: 881590671907 ns
[    1.175200] platform rtc_cmos: registered platform RTC device (no PNP device found)
[    1.178891] Scanning for low memory corruption every 60 seconds
[    1.181582] Initialise system trusted keyrings
[    1.182852] Key type blacklist registered
[    1.184145] workingset: timestamp_bits=36 max_order=18 bucket_order=0
[    1.188308] zbud: loaded
[    1.190037] squashfs: version 4.0 (2009/01/31) Phillip Lougher
[    1.193040] fuse init (API version 7.26)
[    1.197815] Key type asymmetric registered
[    1.199028] Asymmetric key parser 'x509' registered
[    1.200492] Block layer SCSI generic (bsg) driver version 0.4 loaded (major 246)
[    1.202820] io scheduler noop registered
[    1.204074] io scheduler deadline registered
[    1.205426] io scheduler cfq registered (default)
[    1.207281] ACPI: AC Adapter [AC] (on-line)
[    1.209360] input: Power Button as /devices/LNXSYSTM:00/LNXPWRBN:00/input/input0
[    1.212420] ACPI: Power Button [PWRF]
[    1.213893] input: Sleep Button as /devices/LNXSYSTM:00/LNXSLPBN:00/input/input1
[    1.216120] ACPI: Sleep Button [SLPF]
[    1.217607] Serial: 8250/16550 driver, 32 ports, IRQ sharing enabled
[    1.241761] 00:02: ttyS0 at I/O 0x3f8 (irq = 4, base_baud = 115200) is a 16550A
[    1.248161] Linux agpgart interface v0.103
[    1.251659] loop: module loaded
[    1.253624] scsi host0: ata_piix
[    1.254788] scsi host1: ata_piix
[    1.255837] ata1: PATA max UDMA/33 cmd 0x1f0 ctl 0x3f6 bmdma 0xd000 irq 14
[    1.258340] ata2: PATA max UDMA/33 cmd 0x170 ctl 0x376 bmdma 0xd008 irq 15
[    1.262099] libphy: Fixed MDIO Bus: probed
[    1.263637] tun: Universal TUN/TAP device driver, 1.6
[    1.265399] PPP generic driver version 2.4.2
[    1.266676] ehci_hcd: USB 2.0 'Enhanced' Host Controller (EHCI) Driver
[    1.268436] ehci-pci: EHCI PCI platform driver
[    1.269773] ehci-platform: EHCI generic platform driver
[    1.271382] ohci_hcd: USB 1.1 'Open' Host Controller (OHCI) Driver
[    1.273167] ohci-pci: OHCI PCI platform driver
[    1.275244] ohci-platform: OHCI generic platform driver
[    1.277960] uhci_hcd: USB Universal Host Controller Interface driver
[    1.280191] i8042: PNP: PS/2 Controller [PNP0303:PS2K,PNP0f03:PS2M] at 0x60,0x64 irq 1,12
[    1.283211] serio: i8042 KBD port at 0x60,0x64 irq 1
[    1.284693] serio: i8042 AUX port at 0x60,0x64 irq 12
[    1.286236] mousedev: PS/2 mouse device common for all mice
[    1.288192] input: AT Translated Set 2 keyboard as /devices/platform/i8042/serio0/input/input2
[    1.292271] rtc_cmos rtc_cmos: rtc core: registered rtc_cmos as rtc0
[    1.294960] rtc_cmos rtc_cmos: alarms up to one day, 114 bytes nvram
[    1.296957] i2c /dev entries driver
[    1.298094] device-mapper: uevent: version 1.0.3
[    1.299509] device-mapper: ioctl: 4.37.0-ioctl (2017-09-20) initialised: dm-devel@redhat.com
[    1.302124] ledtrig-cpu: registered to indicate activity on CPUs
[    1.304503] NET: Registered protocol family 10
[    1.313336] Segment Routing with IPv6
[    1.314967] NET: Registered protocol family 17
[    1.316888] Key type dns_resolver registered
[    1.318874] mce: Using 0 MCE banks
[    1.320382] RAS: Correctable Errors collector initialized.
[    1.322654] sched_clock: Marking stable (1322589447, 0)->(1688013346, -365423899)
[    1.326451] registered taskstats version 1
[    1.328684] Loading compiled-in X.509 certificates
[    1.334659] Loaded X.509 cert 'Build time autogenerated kernel key: be62403dcace2d46f96dafa9f42421c610ef3c2a'
[    1.338477] zswap: loaded using pool lzo/zbud
[    1.348258] Key type big_key registered
[    1.349814] Key type trusted registered
[    1.353721] Key type encrypted registered
[    1.354898] AppArmor: AppArmor sha1 policy hashing enabled
[    1.356407] ima: No TPM chip found, activating TPM-bypass! (rc=-19)
[    1.358776] ima: Allocated hash algorithm: sha1
[    1.360572] evm: HMAC attrs: 0x1
[    1.362543]   Magic number: 12:114:42
[    1.364028] bdi 7:7: hash matches
[    1.365591] rtc_cmos rtc_cmos: setting system clock to 2020-11-28 19:00:44 UTC (1606590044)
[    1.369055] BIOS EDD facility v0.16 2004-Jun-25, 0 devices found
[    1.371378] EDD information not available.
[    1.458185] Freeing unused kernel image memory: 2436K
[    1.472709] Write protecting the kernel read-only data: 20480k
[    1.477105] Freeing unused kernel image memory: 2008K
[    1.481067] Freeing unused kernel image memory: 1872K
[    1.517411] x86/mm: Checked W+X mappings: passed, no W+X pages found.
[    1.519888] x86/mm: Checking user space page tables
[    1.554392] x86/mm: Checked W+X mappings: passed, no W+X pages found.
Loading, please wait...
starting version 237
[    1.693145] e1000: Intel(R) PRO/1000 Network Driver - version 7.3.21-k8-NAPI
[    1.695980] e1000: Copyright (c) 1999-2006 Intel Corporation.
[    1.712313] Fusion MPT base driver 3.04.20
[    1.714903] Copyright (c) 1999-2008 LSI Corporation
[    1.725264] Fusion MPT SPI Host driver 3.04.20
[    1.775998] AVX2 version of gcm_enc/dec engaged.
[    1.778921] AES CTR mode by8 optimization enabled
[    1.927509] input: ImExPS/2 Generic Explorer Mouse as /devices/platform/i8042/serio1/input/input4
[    2.227358] e1000 0000:00:03.0 eth0: (PCI:33MHz:32-bit) 02:45:4d:8a:ec:99
[    2.230353] e1000 0000:00:03.0 eth0: Intel(R) PRO/1000 Network Connection
[    2.234293] mptbase: ioc0: Initiating bringup
[    2.236664] e1000 0000:00:03.0 enp0s3: renamed from eth0
[    2.986338] ioc0: LSI53C1030 A0: Capabilities={Initiator}
[    5.996677] scsi host2: ioc0: LSI53C1030 A0, FwRev=00000000h, Ports=1, MaxQ=256, IRQ=20
[    7.790558] scsi 2:0:0:0: Direct-Access     VBOX     HARDDISK         1.0  PQ: 0 ANSI: 5
[    7.824209] scsi target2:0:0: Beginning Domain Validation
[    7.835663] scsi target2:0:0: Domain Validation skipping write tests
[    7.841136] scsi target2:0:0: Ending Domain Validation
[    7.846386] scsi target2:0:0: asynchronous
[    7.851873] scsi 2:0:1:0: Direct-Access     VBOX     HARDDISK         1.0  PQ: 0 ANSI: 5
[    7.884405] scsi target2:0:1: Beginning Domain Validation
[    7.887021] random: fast init done
[    7.888838] scsi target2:0:1: Domain Validation skipping write tests
[    7.890595] scsi target2:0:1: Ending Domain Validation
[    7.892124] scsi target2:0:1: asynchronous
[    7.899116] random: systemd-udevd: uninitialized urandom read (16 bytes read)
[    7.901358] random: systemd-udevd: uninitialized urandom read (16 bytes read)
[    7.903253] random: systemd-udevd: uninitialized urandom read (16 bytes read)
[    7.905573] sd 2:0:0:0: Attached scsi generic sg0 type 0
[    7.905671] sd 2:0:0:0: [sda] 20971520 512-byte logical blocks: (10.7 GB/10.0 GiB)
[    7.908375] sd 2:0:1:0: Attached scsi generic sg1 type 0
[    7.912929] sd 2:0:0:0: [sda] Write Protect is off
[    7.916375] sd 2:0:1:0: [sdb] 20480 512-byte logical blocks: (10.5 MB/10.0 MiB)
[    7.918630] sd 2:0:1:0: [sdb] Write Protect is off
[    7.920213] sd 2:0:0:0: [sda] Incomplete mode parameter data
[    7.923964] sd 2:0:0:0: [sda] Assuming drive cache: write through
[    7.925846] sd 2:0:1:0: [sdb] Incomplete mode parameter data
[    7.928175] sd 2:0:1:0: [sdb] Assuming drive cache: write through
[    7.952687]  sda: sda1
[    7.954618] sd 2:0:1:0: [sdb] Attached SCSI disk
[    7.956308] sd 2:0:0:0: [sda] Attached SCSI disk
Begin: Loading essential drivers ... [   10.044602] raid6: sse2x1   gen()  2907 MB/s
[   10.092301] raid6: sse2x1   xor()  1852 MB/s
[   10.140073] raid6: sse2x2   gen()  6503 MB/s
[   10.188847] raid6: sse2x2   xor()  3060 MB/s
[   10.236643] raid6: sse2x4   gen()  7116 MB/s
[   10.285387] raid6: sse2x4   xor()  3815 MB/s
[   10.332754] raid6: avx2x1   gen()  5991 MB/s
[   10.380587] raid6: avx2x1   xor()  3171 MB/s
[   10.428909] raid6: avx2x2   gen() 11417 MB/s
[   10.476742] raid6: avx2x2   xor()  5906 MB/s
[   10.524038] raid6: avx2x4   gen() 14723 MB/s
[   10.572752] raid6: avx2x4   xor()  7777 MB/s
[   10.574017] raid6: using algorithm avx2x4 gen() 14723 MB/s
[   10.575618] raid6: .... xor() 7777 MB/s, rmw enabled
[   10.577573] raid6: using avx2x2 recovery algorithm
[   10.581633] xor: automatically using best checksumming function   avx       
[   10.586582] async_tx: api initialized (async)
done.
Begin: Running /scripts/init-premount ... done.
Begin: Mounting root file system ... Begin: Running /scripts/local-top ... done.
Begin: Running /scripts/local-premount ... [   10.675972] Btrfs loaded, crc32c=crc32c-intel
Scanning for Btrfs filesystems
done.
Warning: fsck not present, so skipping root file system
[   10.724302] EXT4-fs (sda1): INFO: recovery required on readonly filesystem
[   10.726161] EXT4-fs (sda1): write access will be enabled during recovery
[   10.789472] EXT4-fs (sda1): recovery complete
[   10.791678] EXT4-fs (sda1): mounted filesystem with ordered data mode. Opts: (null)
done.
Begin: Running /scripts/local-bottom ... done.
Begin: Running /scripts/init-bottom ... done.
[   11.226191] ip_tables: (C) 2000-2006 Netfilter Core Team
[   11.257182] systemd[1]: systemd 237 running in system mode. (+PAM +AUDIT +SELINUX +IMA +APPARMOR +SMACK +SYSVINIT +UTMP +LIBCRYPTSETUP +GCRYPT +GNUTLS +ACL +XZ +LZ4 +SECCOMP +BLKID +ELFUTILS +KMOD -IDN2 +IDN -PCRE2 default-hierarchy=hybrid)
[   11.265454] systemd[1]: Detected virtualization oracle.
[   11.267204] systemd[1]: Detected architecture x86-64.

Welcome to [1mUbuntu 18.04.5 LTS[0m!

[   11.283535] systemd[1]: Set hostname to <ubuntu-bionic>.
[   12.022994] systemd[1]: Started Forward Password Requests to Wall Directory Watch.
[[0;32m  OK  [0m] Started Forward Password Requests to Wall Directory Watch.
[   12.030027] systemd[1]: Created slice System Slice.
[[0;32m  OK  [0m] Created slice System Slice.
[   12.034145] systemd[1]: Listening on Journal Socket (/dev/log).
[[0;32m  OK  [0m] Listening on Journal Socket (/dev/log).
[   12.037036] systemd[1]: Listening on LVM2 poll daemon socket.
[[0;32m  OK  [0m] Listening on LVM2 poll daemon socket.
[   12.039799] systemd[1]: Listening on Device-mapper event daemon FIFOs.
[[0;32m  OK  [0m] Listening on Device-mapper event daemon FIFOs.
[   12.042998] systemd[1]: Listening on LVM2 metadata daemon socket.
[[0;32m  OK  [0m] Listening on LVM2 metadata daemon socket.
[[0;32m  OK  [0m] Listening on /dev/initctl Compatibility Named Pipe.
[[0;32m  OK  [0m] Listening on Journal Socket.
         Starting Set the console keyboard layout...
         Mounting Kernel Debug File System...
         Starting Create list of required stâ€¦ce nodes for the current kernel...
         Mounting POSIX Message Queue File System...
         Starting Uncomplicated firewall...
         Mounting Huge Pages File System...
[[0;32m  OK  [0m] Listening on udev Kernel Socket.
[[0;32m  OK  [0m] Listening on Journal Audit Socket.
[[0;32m  OK  [0m] Created slice User and Session Slice.
[[0;32m  OK  [0m] Reached target Slices.
[[0;32m  OK  [0m] Reached target User and Group Name Lookups.
[[0;32m  OK  [0m] Reached target System Time Synchronized.
         Starting Load Kernel Modules...
[[0;32m  OK  [0m] Created slice system-serial\x2dgetty.slice.
[[0;32m  OK  [0m] Set up automount Arbitrary Executabâ€¦rmats File System Automount Point.
[   12.154819] Loading iSCSI transport class v2.0-870.
[[0;32m  OK  [0m] Reached target Swap.
[[0;32m  OK  [0m] Listening on udev Control Socket.
[[0;32m  OK  [0m] Listening on Network Service Netlink Socket.
         Starting udev Coldplug all Devices...
[[0;32m  OK  [0m] Listening on Syslog Socket.
         Starting Monitoring of LVM2 mirrorsâ€¦ng dmeventd or progress polling...
         Starting Journal Service...
[   12.192961] iscsi: registered transport (tcp)
         Starting Remount Root and Kernel File Systems...
[[0;32m  OK  [0m] Mounted Kernel Debug File System.
[[0;32m  OK  [0m] Started Create list of required staâ€¦vice nodes for the current kernel.
[[0;32m  OK  [0m] Mounted POSIX Message Queue File System.
[[0;32m  OK  [0m] Started Uncomplicated firewall.
[[0;32m  OK  [0m] Mounted Huge Pages File System.
         Starting Create Static Device Nodes in /dev...
[[0;32m  OK  [0m] Started udev Coldplug all Devices.
[[0;32m  OK  [0m] Started LVM2 metadata daemon.
[   12.332639] iscsi: registered transport (iser)
[[0;32m  OK  [0m] Started Load Kernel Modules.
         Mounting FUSE Control File System...
         Mounting Kernel Configuration File System...
         Starting Apply Kernel Variables...
[[0;32m  OK  [0m] Mounted FUSE Control File System.
[[0;32m  OK  [0m] Mounted Kernel Configuration File System.
[[0;32m  OK  [0m] Started Journal Service.
[[0;32m  OK  [0m] Started Remount Root and Kernel File Systems.
         Starting Flush Journal to Persistent Storage...
         Starting Load/Save Random Seed...
[[0;32m  OK  [0m] Started Create Static Device Nodes in /dev.
         Starting udev Kernel Device Manager...
[[0;32m  OK  [0m] Started Apply Kernel Variables.
[[0;32m  OK  [0m] Started Set the console keyboard layout.
[[0;32m  OK  [0m] Started Monitoring of LVM2 mirrors,â€¦sing dmeventd or progress polling.
[[0;32m  OK  [0m] Reached target Local File Systems (Pre).
         Mounting /vagrant...
[[0;32m  OK  [0m] Reached target Local File Systems.
         Starting Set console font and keymap...
         Starting AppArmor initialization...
         Starting Tell Plymouth To Write Out Runtime Data...
         Starting ebtables ruleset management...
[[0;32m  OK  [0m] Started udev Kernel Device Manager.
[[0;32m  OK  [0m] Started Load/Save Random Seed.
[[0;32m  OK  [0m] Started Dispatch Password Requests to Console Directory Watch.
[[0;32m  OK  [0m] Reached target Local Encrypted Volumes.
[[0;32m  OK  [0m] Started Flush Journal to Persistent Storage.
         Starting Create Volatile Files and Directories...
[[0;32m  OK  [0m] Started Set console font and keymap.
[[0;32m  OK  [0m] Started Tell Plymouth To Write Out Runtime Data.
[[0;32m  OK  [0m] Mounted /vagrant.
[[0;32m  OK  [0m] Started Create Volatile Files and Directories.
[[0;32m  OK  [0m] Started ebtables ruleset management.
[[0;32m  OK  [0m] Found device /dev/ttyS0.
         Starting Update UTMP about System Boot/Shutdown...
[[0;32m  OK  [0m] Started Update UTMP about System Boot/Shutdown.
[[0;32m  OK  [0m] Listening on Load/Save RF Kill Switch Status /dev/rfkill Watch.
[[0;32m  OK  [0m] Started AppArmor initialization.
         Starting Initial cloud-init job (pre-networking)...
         Starting Load AppArmor profiles managed internally by snapd...
[[0;32m  OK  [0m] Started Load AppArmor profiles managed internally by snapd.
[   16.338842] cloud-init[564]: Cloud-init v. 20.3-2-g371b392c-0ubuntu1~18.04.1 running 'init-local' at Sat, 28 Nov 2020 19:00:59 +0000. Up 15.87 seconds.
[[0;32m  OK  [0m] Started Initial cloud-init job (pre-networking).
[[0;32m  OK  [0m] Reached target Network (Pre).
         Starting Network Service...
[[0;32m  OK  [0m] Started Network Service.
         Starting Network Name Resolution...
         Starting Wait for Network to be Configured...
[[0;32m  OK  [0m] Started Network Name Resolution.
[[0;32m  OK  [0m] Reached target Network.
[[0;32m  OK  [0m] Reached target Host and Network Name Lookups.
[[0;32m  OK  [0m] Started Wait for Network to be Configured.
         Starting Initial cloud-init job (metadata service crawler)...
[   19.466028] cloud-init[688]: Cloud-init v. 20.3-2-g371b392c-0ubuntu1~18.04.1 running 'init' at Sat, 28 Nov 2020 19:01:02 +0000. Up 19.04 seconds.
[   19.471101] cloud-init[688]: ci-info: ++++++++++++++++++++++++++++++++++++++Net device info++++++++++++++++++++++++++++++++++++++
[   19.473755] cloud-init[688]: ci-info: +--------+------+----------------------------+---------------+--------+-------------------+
[   19.477103] cloud-init[688]: ci-info: | Device |  Up  |          Address           |      Mask     | Scope  |     Hw-Address    |
[   19.480781] cloud-init[688]: ci-info: +--------+------+----------------------------+---------------+--------+-------------------+
[   19.487928] cloud-init[688]: ci-info: | enp0s3 | True |         10.0.2.15          | 255.255.255.0 | global | 02:45:4d:8a:ec:99 |
[   19.492184] cloud-init[688]: ci-info: | enp0s3 | True | fe80::45:4dff:fe8a:ec99/64 |       .       |  link  | 02:45:4d:8a:ec:99 |
[   19.495205] cloud-init[688]: ci-info: |   lo   | True |         127.0.0.1          |   255.0.0.0   |  host  |         .         |
[   19.508911] cloud-init[688]: ci-info: |   lo   | True |          ::1/128           |       .       |  host  |         .         |
[   19.511961] cloud-init[688]: ci-info: +--------+------+----------------------------+---------------+--------+-------------------+
[   19.515250] cloud-init[688]: ci-info: ++++++++++++++++++++++++++++Route IPv4 info+++++++++++++++++++++++++++++
[   19.517990] cloud-init[688]: ci-info: +-------+-------------+----------+-----------------+-----------+-------+
[   19.522092] cloud-init[688]: ci-info: | Route | Destination | Gateway  |     Genmask     | Interface | Flags |
[   19.524417] cloud-init[688]: ci-info: +-------+-------------+----------+-----------------+-----------+-------+
[   19.526875] cloud-init[688]: ci-info: |   0   |   0.0.0.0   | 10.0.2.2 |     0.0.0.0     |   enp0s3  |   UG  |
[   19.529580] cloud-init[688]: ci-info: |   1   |   10.0.2.0  | 0.0.0.0  |  255.255.255.0  |   enp0s3  |   U   |
[   19.533818] cloud-init[688]: ci-info: |   2   |   10.0.2.2  | 0.0.0.0  | 255.255.255.255 |   enp0s3  |   UH  |
[   19.536822] cloud-init[688]: ci-info: +-------+-------------+----------+-----------------+-----------+-------+
[   19.539679] cloud-init[688]: ci-info: +++++++++++++++++++Route IPv6 info+++++++++++++++++++
[   19.541706] cloud-init[688]: ci-info: +-------+-------------+---------+-----------+-------+
[   19.543850] cloud-init[688]: ci-info: | Route | Destination | Gateway | Interface | Flags |
[   19.545856] cloud-init[688]: ci-info: +-------+-------------+---------+-----------+-------+
[   19.548512] cloud-init[688]: ci-info: |   1   |  fe80::/64  |    ::   |   enp0s3  |   U   |
[   19.560362] cloud-init[688]: ci-info: |   3   |    local    |    ::   |   enp0s3  |   U   |
[   19.562334] cloud-init[688]: ci-info: |   4   |   ff00::/8  |    ::   |   enp0s3  |   U   |
[   19.576781] cloud-init[688]: ci-info: +-------+-------------+---------+-----------+-------+
[[0;32m  OK  [0m] Started Initial cloud-init job (metadata service crawler).
[[0;32m  OK  [0m] Reached target Cloud-config availability.
[[0;32m  OK  [0m] Reached target System Initialization.
[[0;32m  OK  [0m] Listening on UUID daemon activation socket.
         Starting LXD - unix socket.
         Starting Socket activation for snappy daemon.
[[0;32m  OK  [0m] Listening on Open-iSCSI iscsid Socket.
[[0;32m  OK  [0m] Started Daily Cleanup of Temporary Directories.
[[0;32m  OK  [0m] Started Daily apt upgrade and clean activities.
[[0;32m  OK  [0m] Listening on D-Bus System Message Bus Socket.
[[0;32m  OK  [0m] Listening on ACPID Listen Socket.
[[0;32m  OK  [0m] Started Discard unused blocks once a week.
[[0;32m  OK  [0m] Started ACPI Events Check.
[[0;32m  OK  [0m] Reached target Paths.
[[0;32m  OK  [0m] Started Message of the Day.
[[0;32m  OK  [0m] Reached target Timers.
[[0;32m  OK  [0m] Reached target Network is Online.
         Starting Availability of block devices...
[[0;32m  OK  [0m] Reached target Remote File Systems (Pre).
[[0;32m  OK  [0m] Reached target Remote File Systems.
[[0;32m  OK  [0m] Listening on LXD - unix socket.
[[0;32m  OK  [0m] Listening on Socket activation for snappy daemon.
[[0;32m  OK  [0m] Started Availability of block devices.
[[0;32m  OK  [0m] Reached target Sockets.
[[0;32m  OK  [0m] Reached target Basic System.
         Starting Message of the Day...
         Starting Virtualbox guest utils...
         Starting Daily apt upgrade and clean activities...
         Starting LSB: automatic crash report generation...
[[0;32m  OK  [0m] Started Regular background program processing daemon.
         Starting OpenBSD Secure Shell server...
[[0;32m  OK  [0m] Started irqbalance daemon.
         Starting Permit User Sessions...
         Starting System Logging Service...
         Starting Dispatcher daemon for systemd-networkd...
[[0;32m  OK  [0m] Started D-Bus System Message Bus.
[[0;32m  OK  [0m] Started Deferred execution scheduler.
         Starting Login Service...
         Starting LXD - container startup/shutdown...
         Starting LSB: Record successful boot for GRUB...
         Starting Snap Daemon...
         Starting Accounts Service...
[[0;32m  OK  [0m] Started FUSE filesystem for LXC.
[[0;32m  OK  [0m] Started System Logging Service.
[[0;32m  OK  [0m] Started Permit User Sessions.
         Starting Terminate Plymouth Boot Screen...
         Starting Hold until boot process finishes up...
[[0;32m  OK  [0m] Started Terminate Plymouth Boot Screen.
[[0;32m  OK  [0m] Started Hold until boot process finishes up.
[[0;32m  OK  [0m] Started Serial Getty on ttyS0.
         Starting Set console scheme...
[[0;32m  OK  [0m] Started OpenBSD Secure Shell server.
[[0;32m  OK  [0m] Started Login Service.
[[0;32m  OK  [0m] Started Unattended Upgrades Shutdown.
[[0;32m  OK  [0m] Started Set console scheme.
[[0;32m  OK  [0m] Created slice system-getty.slice.
[[0;32m  OK  [0m] Started Getty on tty1.
[[0;32m  OK  [0m] Reached target Login Prompts.
[[0;32m  OK  [0m] Started LSB: automatic crash report generation.
[[0;32m  OK  [0m] Started LSB: Record successful boot for GRUB.
[[0;32m  OK  [0m] Started Virtualbox guest utils.
         Starting Authorization Manager...
[[0;32m  OK  [0m] Started Authorization Manager.
[[0;32m  OK  [0m] Started Accounts Service.
[[0;32m  OK  [0m] Created slice User Slice of vagrant.
[[0;32m  OK  [0m] Started Dispatcher daemon for systemd-networkd.
         Starting User Manager for UID 1000...
[[0;32m  OK  [0m] Started Session 1 of user vagrant.
[[0;32m  OK  [0m] Started LXD - container startup/shutdown.
[[0;32m  OK  [0m] Started User Manager for UID 1000.
[[0;32m  OK  [0m] Started Message of the Day.
[[0;32m  OK  [0m] Started Snap Daemon.
         Starting Wait until snapd is fully seeded...
[[0;32m  OK  [0m] Started Wait until snapd is fully seeded.
         Starting Apply the settings specified in cloud-config...
[[0;32m  OK  [0m] Reached target Multi-User System.
[[0;32m  OK  [0m] Reached target Graphical Interface.
         Starting Update UTMP about System Runlevel Changes...
[[0;32m  OK  [0m] Started Update UTMP about System Runlevel Changes.
[   26.816777] cloud-init[1214]: Cloud-init v. 20.3-2-g371b392c-0ubuntu1~18.04.1 running 'modules:config' at Sat, 28 Nov 2020 19:01:09 +0000. Up 26.54 seconds.

Ubuntu 18.04.5 LTS ubuntu-bionic ttyS0

ubuntu-bionic login: [   29.732686] cloud-init[1301]: Cloud-init v. 20.3-2-g371b392c-0ubuntu1~18.04.1 running 'modules:final' at Sat, 28 Nov 2020 19:01:12 +0000. Up 29.09 seconds.
[   29.732850] cloud-init[1301]: Cloud-init v. 20.3-2-g371b392c-0ubuntu1~18.04.1 finished at Sat, 28 Nov 2020 19:01:12 +0000. Datasource DataSourceNoCloud [seed=/dev/sdb][dsmode=net].  Up 29.69 seconds
